tcl-runall: starting, line buffered, exit wrapped for the marker
tcl-runall: -notfile is l.*.test chanio.test io.test -- l.*.test is tcltest's own default (SCCS lock files, matches nothing here) and is repeated so that setting the option does not drop it; the rest wedge the parent
tcl-runall: note tcltest runs each file in its OWN process, so a file that is KILLED costs only itself; a file that HANGS costs every file after it. A child's stdout is a PIPE and is block buffered, so the last test named below is a LOWER BOUND on where a hang happened -- use -singleproc 1 -file X -verbose t to get the real name.
Tests running in interp:  /usr/glenda/APExp/sys/src/ape/cmd/tclsh/tcltest
Tests located in:  /usr/glenda/APExp/sys/src/external/tcl/tests
Tests running in:  /usr/glenda/APExp/sys/src/external/tcl/tests
Temporary files stored in /usr/glenda/APExp/sys/src/external/tcl/tests
Test files sourced into current interpreter
Running tests that match:  *
Skipping test files that match:  l.*.test
Only running test files that match:  chanio.test
Tests began at 2026-09-16 05:22:16 +0200
chanio.test
---- chan-io-1.6 start
---- chan-io-1.7 start
---- chan-io-1.8 start
---- chan-io-1.9 start
---- chan-io-2.1 start
---- chan-io-2.2 start
---- chan-io-2.3 start
---- chan-io-2.4 start
---- chan-io-3.1 start
---- chan-io-3.2 start
---- chan-io-3.3 start
---- chan-io-3.4 start
---- chan-io-3.5 start
---- chan-io-3.6 start
---- chan-io-3.7 start
---- chan-io-3.8 start
---- chan-io-4.1 start
---- chan-io-4.2 start
---- chan-io-4.3 start
---- chan-io-4.4 start
---- chan-io-4.5 start
---- chan-io-5.1 start
---- chan-io-5.2 start
---- chan-io-5.3 start
---- chan-io-5.4 start
---- chan-io-5.5 start
---- chan-io-6.1 start
---- chan-io-6.3 start
---- chan-io-6.4 start
---- chan-io-6.5 start
---- chan-io-6.6 start
---- chan-io-6.7 start
---- chan-io-6.8 start
---- chan-io-6.9 start
---- chan-io-6.10 start
---- chan-io-6.11 start
---- chan-io-6.12 start
---- chan-io-6.13 start
---- chan-io-6.14 start
---- chan-io-6.15 start
---- chan-io-6.16 start
---- chan-io-6.17 start
---- chan-io-6.18 start
---- chan-io-6.19 start
---- chan-io-6.20 start
---- chan-io-6.21 start
---- chan-io-6.22 start
---- chan-io-6.23 start
---- chan-io-6.24 start
---- chan-io-6.25 start
---- chan-io-6.26 start
---- chan-io-6.27 start
---- chan-io-6.28 start
---- chan-io-6.29 start
---- chan-io-6.30 start
---- chan-io-6.31 start


==== chan-io-6.31 Tcl_GetsObj: crlf mode: buffer exhausted, blocked FAILED
---- Result was:
bbbbbbbbbbbbbb -1 {} 1 0
---- Result should have been (exact matching):
bbbbbbbbbbbbbb -1 {} 1 16
==== chan-io-6.31 FAILED

---- chan-io-6.32 start
---- chan-io-6.33 start
---- chan-io-6.34 start
---- chan-io-6.35 start
---- chan-io-6.36 start
---- chan-io-6.37 start
---- chan-io-6.38 start
---- chan-io-6.39 start
---- chan-io-6.40 start
---- chan-io-6.41 start
---- chan-io-6.42 start
---- chan-io-6.43 start


==== chan-io-6.43 Tcl_GetsObj: input saw cr FAILED
---- Result was:
bbbbbbbbbbbbbbb -1 {} 0 15 123456789abcdef 1 4 abcd
---- Result should have been (exact matching):
bbbbbbbbbbbbbbb 15 123456789abcdef 1 4 abcd 0 3 efg
==== chan-io-6.43 FAILED

---- chan-io-6.44 start


==== chan-io-6.44 Tcl_GetsObj: input saw cr, not followed by cr FAILED
---- Result was:
bbbbbbbbbbbbbbb -1 {} 0 15 123456789abcdef 1 4 abcd
---- Result should have been (exact matching):
bbbbbbbbbbbbbbb 15 123456789abcdef 1 4 abcd 0 3 efg
==== chan-io-6.44 FAILED

---- chan-io-6.45 start


==== chan-io-6.45 Tcl_GetsObj: input saw cr, skip right number of bytes FAILED
---- Result was:
-1 {} 0 15 123456789abcdef 0
---- Result should have been (exact matching):
15 123456789abcdef 1 4 abcd 0
==== chan-io-6.45 FAILED

---- chan-io-6.46 start


==== chan-io-6.46 Tcl_GetsObj: input saw cr, followed by just \n should give eof FAILED
---- Result was:
-1 {} 0 15 123456789abcdef 1
---- Result should have been (exact matching):
15 123456789abcdef 1 -1 {} 0
==== chan-io-6.46 FAILED

---- chan-io-6.47 start


==== chan-io-6.47 Tcl_GetsObj: auto mode: \r at end of buffer, peek for \n FAILED
---- Result was:
123456789012345 0
---- Result should have been (exact matching):
123456789012345 15
==== chan-io-6.47 FAILED

---- chan-io-6.48 start
---- chan-io-6.49 start
---- chan-io-6.50 start
---- chan-io-6.51 start
---- chan-io-6.52 start
---- chan-io-6.53 start
---- chan-io-6.54 start
---- chan-io-6.55 start
---- chan-io-6.56 start
---- chan-io-7.1 start
---- chan-io-7.2 start
---- chan-io-7.3 start
---- chan-io-7.4 start
---- chan-io-8.1 start


==== chan-io-8.1 PeekAhead: only go to device if no more cached data FAILED
---- Result was:
0
---- Result should have been (exact matching):
7
==== chan-io-8.1 FAILED

---- chan-io-8.2 start
---- chan-io-8.3 start
---- chan-io-8.4 start
---- chan-io-8.5 start
---- chan-io-8.6 start
---- chan-io-8.7 start
---- chan-io-10.2 start
---- chan-io-10.3 start
---- chan-io-10.4 start
---- chan-io-10.5 start
---- chan-io-11.1 start
---- chan-io-11.2 start
---- chan-io-11.3 start
---- chan-io-11.4 start
---- chan-io-12.1 start
---- chan-io-12.2 start
---- chan-io-12.3 start
---- chan-io-12.4 start
---- chan-io-12.5 start
---- chan-io-13.1 start
---- chan-io-13.2 start
---- chan-io-13.3 start
---- chan-io-13.4 start
---- chan-io-13.5 start
---- chan-io-13.6 start
---- chan-io-13.7 start
---- chan-io-13.8 start
---- chan-io-13.9 start
---- chan-io-13.10 start
---- chan-io-13.11 start
---- chan-io-13.12 start
---- chan-io-14.1 start


==== chan-io-14.1 Tcl_SetStdChannel and Tcl_GetStdChannel FAILED
---- Result was:
line line line {file0 file1 file2}
---- Result should have been (exact matching):
line line none {file0 file1 file2}
==== chan-io-14.1 FAILED

---- chan-io-14.2 start


==== chan-io-14.2 Tcl_SetStdChannel and Tcl_GetStdChannel FAILED
---- Result was:
line line line
---- Result should have been (exact matching):
line line none
==== chan-io-14.2 FAILED

---- chan-io-14.3 start
---- chan-io-14.4 start
---- chan-io-14.5 start
---- chan-io-14.6 start
---- chan-io-14.7 start
---- chan-io-14.8 start
---- chan-io-14.9 start
---- chan-io-17.1 start
---- chan-io-17.2 start
---- chan-io-17.3 start
---- chan-io-18.1 start
---- chan-io-18.2 start
---- chan-io-18.3 start
---- chan-io-19.1 start
---- chan-io-19.2 start
---- chan-io-19.3 start
---- chan-io-19.4 start
---- chan-io-20.1 start
---- chan-io-20.3 start
---- chan-io-20.5 start
---- chan-io-23.1 start
---- chan-io-24.1 start
---- chan-io-25.1 start
---- chan-io-25.2 start
---- chan-io-26.1 start
---- chan-io-27.1 start
---- chan-io-27.2 start
---- chan-io-27.3 start
---- chan-io-27.4 start
---- chan-io-27.5 start
---- chan-io-28.1 start
---- chan-io-28.2 start
---- chan-io-28.4 start
---- chan-io-28.5 start
---- chan-io-28.6 start
---- chan-io-28.7 start
