2292 ratrace Exec 20c303 0x40d638/"/bin/tar" 0x7fffffffef9f/"tar" 0x7fffffffefa3/"cf" 0x7fffffffefa6/"/tmp/t.tar" 0x7fffffffefb1/"/tmp/h"2292 ratrace Exec 20c303 0x40d638/"/bin/tar" 0x7fffffffef9f/"tar" 0x7fffffffefa3/"cf" 0x7fffffffefa6/"/tmp/t.tar" 0x7fffffffefb1/"/tmp/h"2292 tar Open 28aa90 0x4160d0/"/env" 0x20 = 3 "" 1790216213357316317 1790216213357329393
2292 tar Brk 286967 0x451ec0 = 0 "" 1790216213357468718 1790216213357469418
2292 tar Brk 286967 0x453ee0 = 0 "" 1790216213357604642 1790216213357605034
2292 tar Brk 286967 0x453ee0 = 0 "" 1790216213357730220 1790216213357730610
2292 tar Brk 286967 0x473f00 = 0 "" 1790216213357850676 1790216213357851064
2292 tar Pread 28aa72 3 0x453ef0 65615 -1 0x453ef0/"H.e.........................j..-f.........._fdinfo..glenda..glen" 65615 -1 = 4095 "" 1790216213357975499 1790216213358071932
2292 tar Pread 28aa72 3 0x454eef 65615 -1/"" 65615 -1 = 0  1790216213358202936 1790216213358203829
2292 tar Brk 286967 0x473f00 = 0 "" 1790216213358328111 1790216213358328573
2292 tar Brk 286967 0x477f20 = 0 "" 1790216213358448145 1790216213358448537
2292 tar Close 28aacc 3 = 0 "" 1790216213358615430 1790216213358617612
2292 tar Open 28aa90 0x451ed0/"/env/_fdinfo" 0x20 = 3 "" 1790216213358756936 1790216213358770616
2292 tar Pread 28aa72 3 0x451ed8 19 -1 0x451ed8/"0.42.0.1.2.1.2.2.1." 19 -1 = 19 "" 1790216213358906674 1790216213358908940
2292 tar Close 28aacc 3 = 0 "" 1790216213359044711 1790216213359046269
2292 tar Open 28aa90 0x7ffffffdccd0/"/proc/2292/fd" 0x0 = 3 "" 1790216213359205910 1790216213359237262
2292 tar Pread 28aa72 3 0x7ffffffdccd0 8192 0 0x7ffffffdccd0/"/usr/glenda/devel." 8192 0 = 18 "" 1790216213359375573 1790216213359378401
2292 tar Pread 28aa72 3 0x7ffffffdcce2 8174 18 0x7ffffffdcce2/"..0.r..M...67.(0000000000000007.0.00).32768......154./dev/cons." 8174 18 = 63 "" 1790216213359504052 1790216213359511379
2292 tar Pread 28aa72 3 0x7ffffffdcd21 8111 81 0x7ffffffdcd21/"..1.w..M...22.(00000000000e8f46.2887.00).32768.....1928./tmp/rt." 8111 81 = 68 "" 1790216213359649381 1790216213359654096
2292 tar Pread 28aa72 3 0x7ffffffdcd65 8043 149 0x7ffffffdcd65/"..2.w..M...22.(00000000000e8f46.2889.00).32768.....2114./tmp/rt." 8043 149 = 68 "" 1790216213359781704 1790216213359785483
2292 tar Pread 28aa72 3 0x7ffffffdcda9 7975 217 0x7ffffffdcda9/"..3.r..p....0.(0000000000000904.2292.00).....0........0./proc/22" 7975 217 = 70 "" 1790216213359912609 1790216213359917019
2292 tar Pread 28aa72 3 0x7ffffffdcdef 7905 287/"" 7905 287 = 0  1790216213360043484 1790216213360044198
2292 tar Close 28aacc 3 = 0 "" 1790216213360165208 1790216213360166749
2292 tar Fd2path 28aa9f 0 0x7ffffffdec40 64"" 64 = 0  1790216213360296063 1790216213360297915
2292 tar Fd2path 28aa9f 1 0x7ffffffdec40 64"" 64 = 0  1790216213360421651 1790216213360423003
2292 tar Fd2path 28aa9f 2 0x7ffffffdec40 64"" 64 = 0  1790216213360545257 1790216213360546634
2292 tar Brk 286967 0x477f20 = 0 "" 1790216213360685247 1790216213360685732
2292 tar Brk 286967 0x4785e0 = 0 "" 1790216213360807305 1790216213360807746
2292 tar Fstat 28282c 0 0x477f80 113 = 71 "" 1790216213360935535 1790216213360996786
2292 tar Fstat 28282c 1 0x477f80 113 = 73 "" 1790216213361124103 1790216213361165752
2292 tar Fstat 28282c 2 0x477f80 113 = 73 "" 1790216213361284237 1790216213361319817
2292 tar Open 28aa90 0x451ed0/"/env/_sighdlr" 0x20 = 3 "" 1790216213361443617 1790216213361455901
2292 tar Pread 28aa72 3 0x451ed9 0 -1/"" 0 -1 = 0  1790216213361588218 1790216213361589257
2292 tar Close 28aacc 3 = 0 "" 1790216213361711227 1790216213361712578
2292 tar Open 28aa90 0x451ed0/"/env/0" 0x20 = 3 "" 1790216213361836467 1790216213361848325
2292 tar Pread 28aa72 3 0x451ed2 10 -1 0x451ed2/"./apexp-sh" 10 -1 = 10 "" 1790216213361983940 1790216213361985861
2292 tar Close 28aacc 3 = 0 "" 1790216213362119352 1790216213362120931
2292 tar Open 28aa90 0x451edd/"/env/*" 0x20 = 3 "" 1790216213362261512 1790216213362272365
2292 tar Pread 28aa72 3 0x451edf 15 -1 0x451edf/"./mount-include" 15 -1 = 15 "" 1790216213362394315 1790216213362396238
2292 tar Close 28aacc 3 = 0 "" 1790216213362521276 1790216213362522496
2292 tar Open 28aa90 0x451eef/"/env/SHELL" 0x20 = 3 "" 1790216213362714640 1790216213362725820
2292 tar Pread 28aa72 3 0x451ef5 4 -1 0x451ef5/"bash" 4 -1 = 4 "" 1790216213362849220 1790216213362850913
2292 tar Close 28aacc 3 = 0 "" 1790216213363032303 1790216213363034138
2292 tar Open 28aa90 0x451efa/"/env/terminal" 0x20 = 3 "" 1790216213363152709 1790216213363163802
2292 tar Pread 28aa72 3 0x451f03 25 -1 0x451f03/"ACPI./sys/src/9/pc64/pc64" 25 -1 = 25 "" 1790216213363286045 1790216213363287906
2292 tar Close 28aacc 3 = 0 "" 1790216213363412316 1790216213363413598
2292 tar Open 28aa90 0x451f1d/"/env/nobootprompt" 0x20 = 3 "" 1790216213363537369 1790216213363547904
2292 tar Pread 28aa72 3 0x451f2a 0 -1/"" 0 -1 = 0  1790216213363679285 1790216213363680246
2292 tar Close 28aacc 3 = 0 "" 1790216213363801737 1790216213363802958
2292 tar Open 28aa90 0x451f2b/"/env/wsys" 0x20 = 3 "" 1790216213363926950 1790216213363938013
2292 tar Pread 28aa72 3 0x451f30 19 -1 0x451f30/"/srv/rio.glenda.449" 19 -1 = 19 "" 1790216213364031850 1790216213364033261
2292 tar Close 28aacc 3 = 0 "" 1790216213364139828 1790216213364140757
2292 tar Open 28aa90 0x451f44/"/env/bootargs" 0x20 = 3 "" 1790216213364235062 1790216213364243018
2292 tar Pread 28aa72 3 0x451f4d 25 -1 0x451f4d/"local!/dev/sd00/fs.-m.296" 25 -1 = 25 "" 1790216213364336708 1790216213364338145
2292 tar Close 28aacc 3 = 0 "" 1790216213364433449 1790216213364434354
2292 tar Open 28aa90 0x451f67/"/env/LC_MONETARY" 0x20 = 3 "" 1790216213364529162 1790216213364537343
2292 tar Pread 28aa72 3 0x451f73 7 -1 0x451f73/"C.UTF-8" 7 -1 = 7 "" 1790216213364636913 1790216213364638268
2292 tar Close 28aacc 3 = 0 "" 1790216213364732949 1790216213364733861
2292 tar Open 28aa90 0x451f7b/"/env/pid" 0x20 = 3 "" 1790216213364828542 1790216213364836379
2292 tar Pread 28aa72 3 0x451f7f 4 -1 0x451f7f/"2262" 4 -1 = 4 "" 1790216213364929999 1790216213364931301
2292 tar Close 28aacc 3 = 0 "" 1790216213365025610 1790216213365026559
2292 tar Open 28aa90 0x451f84/"/env/PWD" 0x20 = 3 "" 1790216213365120603 1790216213365128350
2292 tar Pread 28aa72 3 0x451f88 17 -1 0x451f88/"/usr/glenda/devel" 17 -1 = 17 "" 1790216213365221917 1790216213365223370
2292 tar Close 28aacc 3 = 0 "" 1790216213365317997 1790216213365318900
2292 tar Open 28aa90 0x451f9a/"/env/path" 0x20 = 3 "" 1790216213365412975 1790216213365420671
2292 tar Pread 28aa72 3 0x451f9f 6 -1 0x451f9f/"/bin.." 6 -1 = 6 "" 1790216213365514364 1790216213365515648
2292 tar Close 28aacc 3 = 0 "" 1790216213365615402 1790216213365616335
2292 tar Open 28aa90 0x451fa6/"/env/MANPATH" 0x20 = 3 "" 1790216213365711172 1790216213365718880
2292 tar Pread 28aa72 3 0x451fae 10 -1 0x451fae/""/sys/man"" 10 -1 = 10 "" 1790216213365811917 1790216213365813210
2292 tar Close 28aacc 3 = 0 "" 1790216213365907513 1790216213365908417
2292 tar Open 28aa90 0x451fb9/"/env/timezone" 0x20 = 3 "" 1790216213366002976 1790216213366010777
2292 tar Pread 28aa72 3 0x451fc2 1162 -1 0x451fc2/"CET.3600.CES.7200..512532000..528256800..543981600..559706400..5" 1162 -1 = 1162 "" 1790216213366103817 1790216213366107265
2292 tar Close 28aacc 3 = 0 "" 1790216213366204813 1790216213366205834
2292 tar Open 28aa90 0x45244d/"/env/LOCALEDIR" 0x20 = 3 "" 1790216213366301090 1790216213366308870
2292 tar Pread 28aa72 3 0x452457 21 -1 0x452457/""/sys/lib/ape/locale"" 21 -1 = 21 "" 1790216213366404483 1790216213366405737
2292 tar Close 28aacc 3 = 0 "" 1790216213366499257 1790216213366500153
2292 tar Open 28aa90 0x45246d/"/env/tiltscreen" 0x20 = 3 "" 1790216213366590479 1790216213366596247
2292 tar Pread 28aa72 3 0x452478 4 -1 0x452478/"none" 4 -1 = 4 "" 1790216213366665506 1790216213366666481
2292 tar Close 28aacc 3 = 0 "" 1790216213366735620 1790216213366736298
2292 tar Open 28aa90 0x45247d/"/env/i" 0x20 = 3 "" 1790216213366806137 1790216213366811845
2292 tar Pread 28aa72 3 0x45247f 0 -1/"" 0 -1 = 0  1790216213366880989 1790216213366881515
2292 tar Close 28aacc 3 = 0 "" 1790216213366949656 1790216213366950321
2292 tar Open 28aa90 0x452480/"/env/HOME" 0x20 = 3 "" 1790216213367019815 1790216213367025529
2292 tar Pread 28aa72 3 0x452485 11 -1 0x452485/"/usr/glenda" 11 -1 = 11 "" 1790216213367129822 1790216213367130779
2292 tar Close 28aacc 3 = 0 "" 1790216213367200688 1790216213367201374
2292 tar Open 28aa90 0x452491/"/env/LANG" 0x20 = 3 "" 1790216213367271817 1790216213367277775
2292 tar Pread 28aa72 3 0x452496 7 -1 0x452496/"C.UTF-8" 7 -1 = 7 "" 1790216213367371563 1790216213367372511
2292 tar Close 28aacc 3 = 0 "" 1790216213367443481 1790216213367444317
2292 tar Open 28aa90 0x45249e/"/env/TIMESYNCARGS" 0x20 = 3 "" 1790216213367514426 1790216213367520376
2292 tar Pread 28aa72 3 0x4524ab 11 -1 0x4524ab/"-rLa1000000" 11 -1 = 11 "" 1790216213367595142 1790216213367596066
2292 tar Close 28aacc 3 = 0 "" 1790216213367665769 1790216213367666434
2292 tar Open 28aa90 0x4524b7/"/env/sysname" 0x20 = 3 "" 1790216213367736488 1790216213367742216
2292 tar Pread 28aa72 3 0x4524bf 7 -1 0x4524bf/"krypton" 7 -1 = 7 "" 1790216213367811704 1790216213367812630
2292 tar Close 28aacc 3 = 0 "" 1790216213367881907 1790216213367882565
2292 tar Open 28aa90 0x4524c7/"/env/LIBTOOL" 0x20 = 3 "" 1790216213367952589 1790216213367958288
2292 tar Pread 28aa72 3 0x4524cf 15 -1 0x4524cf/"slibtool-static" 15 -1 = 15 "" 1790216213368027332 1790216213368028255
2292 tar Close 28aacc 3 = 0 "" 1790216213368097724 1790216213368098387
2292 tar Open 28aa90 0x4524df/"/env/cflag" 0x20 = 3 "" 1790216213368167954 1790216213368173585
2292 tar Pread 28aa72 3 0x4524e5 0 -1/"" 0 -1 = 0  1790216213368242655 1790216213368243184
2292 tar Close 28aacc 3 = 0 "" 1790216213368311362 1790216213368312030
2292 tar Open 28aa90 0x4524e6/"/env/LD" 0x20 = 3 "" 1790216213368381694 1790216213368387387
2292 tar Pread 28aa72 3 0x4524e9 3 -1 0x4524e9/"pcc" 3 -1 = 3 "" 1790216213368456555 1790216213368457491
2292 tar Close 28aacc 3 = 0 "" 1790216213368527130 1790216213368527790
2292 tar Open 28aa90 0x4524ed/"/env/cputype" 0x20 = 3 "" 1790216213368601478 1790216213368607133
2292 tar Pread 28aa72 3 0x4524f5 5 -1 0x4524f5/"amd64" 5 -1 = 5 "" 1790216213368676387 1790216213368677316
2292 tar Close 28aacc 3 = 0 "" 1790216213368747328 1790216213368747988
2292 tar Open 28aa90 0x4524fb/"/env/rootdir" 0x20 = 3 "" 1790216213368817932 1790216213368823490
2292 tar Pread 28aa72 3 0x452503 5 -1 0x452503/"/root" 5 -1 = 5 "" 1790216213368892088 1790216213368893030
2292 tar Close 28aacc 3 = 0 "" 1790216213368962322 1790216213368962994
2292 tar Open 28aa90 0x452509/"/env/mouseport" 0x20 = 3 "" 1790216213369034578 1790216213369040345
2292 tar Pread 28aa72 3 0x452513 3 -1 0x452513/"ps2" 3 -1 = 3 "" 1790216213369109487 1790216213369110431
2292 tar Close 28aacc 3 = 0 "" 1790216213369179953 1790216213369180611
2292 tar Open 28aa90 0x452517/"/env/M4PATH" 0x20 = 3 "" 1790216213369250435 1790216213369255958
2292 tar Pread 28aa72 3 0x45251e 17 -1 0x45251e/""/sys/lib/ape/m4"" 17 -1 = 17 "" 1790216213369325048 1790216213369325972
2292 tar Close 28aacc 3 = 0 "" 1790216213369395994 1790216213369396650
2292 tar Open 28aa90 0x452530/"/env/font" 0x20 = 3 "" 1790216213369466400 1790216213369472473
2292 tar Pread 28aa72 3 0x452535 30 -1 0x452535/"/lib/font/bit/vga/unicode.font" 30 -1 = 30 "" 1790216213369541919 1790216213369542846
2292 tar Close 28aacc 3 = 0 "" 1790216213369617804 1790216213369618268
2292 tar Open 28aa90 0x452554/"/env/init" 0x20 = 3 "" 1790216213369666759 1790216213369670711
2292 tar Pread 28aa72 3 0x452559 14 -1 0x452559/"/amd64/init.-t" 14 -1 = 14 "" 1790216213369719137 1790216213369719786
2292 tar Close 28aacc 3 = 0 "" 1790216213369768823 1790216213369769304
2292 tar Open 28aa90 0x452568/"/env/apid" 0x20 = 3 "" 1790216213369817966 1790216213369821833
2292 tar Pread 28aa72 3 0x45256d 3 -1 0x45256d/"381" 3 -1 = 3 "" 1790216213369869907 1790216213369870558
2292 tar Close 28aacc 3 = 0 "" 1790216213369918904 1790216213369919367
2292 tar Open 28aa90 0x452571/"/env/prompt" 0x20 = 3 "" 1790216213369968089 1790216213369972518
2292 tar Pread 28aa72 3 0x452578 8 -1 0x452578/"term%..." 8 -1 = 8 "" 1790216213370024751 1790216213370025501
2292 tar Close 28aacc 3 = 0 "" 1790216213370077693 1790216213370078255
2292 tar Open 28aa90 0x452581/"/env/ifs" 0x20 = 3 "" 1790216213370157119 1790216213370161235
2292 tar Pread 28aa72 3 0x452585 3 -1 0x452585/"..." 3 -1 = 3 "" 1790216213370209410 1790216213370210088
2292 tar Close 28aacc 3 = 0 "" 1790216213370258894 1790216213370259483
2292 tar Open 28aa90 0x452589/"/env/bootfile" 0x20 = 3 "" 1790216213370323438 1790216213370327486
2292 tar Pread 28aa72 3 0x452592 5 -1 0x452592/"9pc64" 5 -1 = 5 "" 1790216213370375499 1790216213370376143
2292 tar Close 28aacc 3 = 0 "" 1790216213370424795 1790216213370425282
2292 tar Open 28aa90 0x452598/"/env/service" 0x20 = 3 "" 1790216213370473713 1790216213370477723
2292 tar Pread 28aa72 3 0x4525a0 8 -1 0x4525a0/"terminal" 8 -1 = 8 "" 1790216213370525692 1790216213370526369
2292 tar Close 28aacc 3 = 0 "" 1790216213370574856 1790216213370575323
2292 tar Open 28aa90 0x4525a9/"/env/home" 0x20 = 3 "" 1790216213370635118 1790216213370639062
2292 tar Pread 28aa72 3 0x4525ae 11 -1 0x4525ae/"/usr/glenda" 11 -1 = 11 "" 1790216213370687232 1790216213370687879
2292 tar Close 28aacc 3 = 0 "" 1790216213370736283 1790216213370736778
2292 tar Open 28aa90 0x4525ba/"/env/SHLVL" 0x20 = 3 "" 1790216213370785088 1790216213370789560
2292 tar Pread 28aa72 3 0x4525c0 1 -1 0x4525c0/"1" 1 -1 = 1 "" 1790216213370837528 1790216213370838212
2292 tar Close 28aacc 3 = 0 "" 1790216213370886332 1790216213370886804
2292 tar Open 28aa90 0x4525c2/"/env/vgasize" 0x20 = 3 "" 1790216213370935127 1790216213370938993
2292 tar Pread 28aa72 3 0x4525ca 12 -1 0x4525ca/"1920x1080x32" 12 -1 = 12 "" 1790216213370986855 1790216213370987497
2292 tar Close 28aacc 3 = 0 "" 1790216213371035915 1790216213371036380
2292 tar Open 28aa90 0x4525d7/"/env/LC_MESSAGES" 0x20 = 3 "" 1790216213371084816 1790216213371088821
2292 tar Pread 28aa72 3 0x4525e3 7 -1 0x4525e3/"C.UTF-8" 7 -1 = 7 "" 1790216213371136817 1790216213371137461
2292 tar Close 28aacc 3 = 0 "" 1790216213371185951 1790216213371186414
2292 tar Open 28aa90 0x4525eb/"/env/LC_CTYPE" 0x20 = 3 "" 1790216213371234444 1790216213371238408
2292 tar Pread 28aa72 3 0x4525f4 7 -1 0x4525f4/"C.UTF-8" 7 -1 = 7 "" 1790216213371286567 1790216213371287246
2292 tar Close 28aacc 3 = 0 "" 1790216213371335412 1790216213371335881
2292 tar Open 28aa90 0x4525fc/"/env/LC_TIME" 0x20 = 3 "" 1790216213371384263 1790216213371388161
2292 tar Pread 28aa72 3 0x452604 7 -1 0x452604/"C.UTF-8" 7 -1 = 7 "" 1790216213371435881 1790216213371436557
2292 tar Close 28aacc 3 = 0 "" 1790216213371485006 1790216213371485471
2292 tar Open 28aa90 0x45260c/"/env/LC_ALL" 0x20 = 3 "" 1790216213371533665 1790216213371537578
2292 tar Pread 28aa72 3 0x452613 7 -1 0x452613/"C.UTF-8" 7 -1 = 7 "" 1790216213371588607 1790216213371589251
2292 tar Close 28aacc 3 = 0 "" 1790216213371637500 1790216213371637968
2292 tar Open 28aa90 0x45261b/"/env/LC_COLLATE" 0x20 = 3 "" 1790216213371686508 1790216213371690489
2292 tar Pread 28aa72 3 0x452626 7 -1 0x452626/"C.UTF-8" 7 -1 = 7 "" 1790216213371738771 1790216213371739416
2292 tar Close 28aacc 3 = 0 "" 1790216213371787432 1790216213371787886
2292 tar Open 28aa90 0x45262e/"/env/TCLPATH" 0x20 = 3 "" 1790216213371836237 1790216213371840100
2292 tar Pread 28aa72 3 0x452636 14 -1 0x452636/""/sys/lib/tcl"" 14 -1 = 14 "" 1790216213371888015 1790216213371888655
2292 tar Close 28aacc 3 = 0 "" 1790216213371937296 1790216213371937756
2292 tar Open 28aa90 0x452645/"/env/PATH" 0x20 = 3 "" 1790216213371985779 1790216213371989687
2292 tar Pread 28aa72 3 0x45264a 4 -1 0x45264a/"/bin" 4 -1 = 4 "" 1790216213372037763 1790216213372038413
2292 tar Close 28aacc 3 = 0 "" 1790216213372086457 1790216213372086915
2292 tar Open 28aa90 0x45264f/"/env/AWKLIB" 0x20 = 3 "" 1790216213372137383 1790216213372141242
2292 tar Pread 28aa72 3 0x452656 18 -1 0x452656/""/sys/lib/ape/awk"" 18 -1 = 18 "" 1790216213372189296 1790216213372189942
2292 tar Close 28aacc 3 = 0 "" 1790216213372238115 1790216213372238583
2292 tar Open 28aa90 0x452669/"/env/user" 0x20 = 3 "" 1790216213372287038 1790216213372290900
2292 tar Pread 28aa72 3 0x45266e 6 -1 0x45266e/"glenda" 6 -1 = 6 "" 1790216213372338753 1790216213372339393
2292 tar Close 28aacc 3 = 0 "" 1790216213372417113 1790216213372417578
2292 tar Open 28aa90 0x452675/"/env/objtype" 0x20 = 3 "" 1790216213372466344 1790216213372470480
2292 tar Pread 28aa72 3 0x45267d 5 -1 0x45267d/"amd64" 5 -1 = 5 "" 1790216213372519070 1790216213372519711
2292 tar Close 28aacc 3 = 0 "" 1790216213372570401 1790216213372570960
2292 tar Open 28aa90 0x452683/"/env/monitor" 0x20 = 3 "" 1790216213372621362 1790216213372624184
2292 tar Pread 28aa72 3 0x45268b 4 -1 0x45268b/"vesa" 4 -1 = 4 "" 1790216213372658223 1790216213372658677
2292 tar Close 28aacc 3 = 0 "" 1790216213372735618 1790216213372736152
2292 tar Open 28aa90 0x452690/"/env/NPROC" 0x20 = 3 "" 1790216213372770564 1790216213372773814
2292 tar Pread 28aa72 3 0x452696 1 -1 0x452696/"1" 1 -1 = 1 "" 1790216213372807796 1790216213372808254
2292 tar Close 28aacc 3 = 0 "" 1790216213372842347 1790216213372842685
2292 tar Open 28aa90 0x452698/"/env/LC_NUMERIC" 0x20 = 3 "" 1790216213372876605 1790216213372879375
2292 tar Pread 28aa72 3 0x4526a3 7 -1 0x4526a3/"C.UTF-8" 7 -1 = 7 "" 1790216213372913277 1790216213372913731
2292 tar Close 28aacc 3 = 0 "" 1790216213372947645 1790216213372947970
2292 tar Open 28aa90 0x4526ab/"/env/rcname" 0x20 = 3 "" 1790216213372982012 1790216213372984763
2292 tar Pread 28aa72 3 0x4526b2 13 -1 0x4526b2/"mount-include" 13 -1 = 13 "" 1790216213373018464 1790216213373018919
2292 tar Close 28aacc 3 = 0 "" 1790216213373053044 1790216213373053368
2292 tar Open 28aa90 0x4526c0/"/env/OLDPWD" 0x20 = 3 "" 1790216213373087537 1790216213373090272
2292 tar Pread 28aa72 3 0x4526c7 11 -1 0x4526c7/"/usr/glenda" 11 -1 = 11 "" 1790216213373123985 1790216213373124445
2292 tar Close 28aacc 3 = 0 "" 1790216213373158599 1790216213373158931
2292 tar Open 28aa90 0x4526d3/"/env/status" 0x20 = 3 "" 1790216213373193223 1790216213373195956
2292 tar Pread 28aa72 3 0x4526da 0 -1/"" 0 -1 = 0  1790216213373229559 1790216213373229824
2292 tar Close 28aacc 3 = 0 "" 1790216213373263317 1790216213373263647
2292 tar Open 28aa90 0x4526db/"/env/_" 0x20 = 3 "" 1790216213373297561 1790216213373300374
2292 tar Pread 28aa72 3 0x4526dd 12 -1 0x4526dd/"/bin/ratrace" 12 -1 = 12 "" 1790216213373334218 1790216213373334680
2292 tar Close 28aacc 3 = 0 "" 1790216213373368701 1790216213373369029
2292 tar Brk 286967 0x4785e0 = 0 "" 1790216213373402554 1790216213373402764
2292 tar Brk 286967 0x479080 = 0 "" 1790216213373436351 1790216213373436474
2292 tar Notify 2827ff 0x292f63 = 0 "" 1790216213373471815 1790216213373471915
2292 tar Open 28aa90 0x424870/"/dev/bintime" 0x20 = 3 "" 1790216213373509319 1790216213373568037
2292 tar Pread 28aa72 3 0x7ffffffded58 8 0 0x7ffffffded58/"...)=Ge." 8 0 = 8 "" 1790216213373609182 1790216213373609685
2292 tar Brk 286967 0x479080 = 0 "" 1790216213373663166 1790216213373663326
2292 tar Brk 286967 0x4794e0 = 0 "" 1790216213373701570 1790216213373701692
2292 tar Brk 286967 0x4794e0 = 0 "" 1790216213373742428 1790216213373742535
2292 tar Brk 286967 0x4796c0 = 0 "" 1790216213373775701 1790216213373775809
2292 tar Brk 286967 0x4796c0 = 0 "" 1790216213373811164 1790216213373811270
2292 tar Brk 286967 0x4799c0 = 0 "" 1790216213373844491 1790216213373844597
2292 tar Brk 286967 0x4799c0 = 0 "" 1790216213373878451 1790216213373878557
2292 tar Brk 286967 0x479b40 = 0 "" 1790216213373911692 1790216213373911797
2292 tar Brk 286967 0x479b40 = 0 "" 1790216213373951811 1790216213373951920
2292 tar Brk 286967 0x47bb60 = 0 "" 1790216213373984941 1790216213373985047
2292 tar Stat 2827a5 0x7fffffffefa6/"/tmp/t.tar" 0x4781c0 115 = 72 "" 1790216213374094226 1790216213374166274
2292 tar Open 28aa90 0x7fffffffefa6/"/tmp/t.tar" 0x11 = 4 "" 1790216213374207696 1790216213374268854
2292 tar Fstat 28282c 4 0x4781c0 113 = 72 "" 1790216213374303522 1790216213374313847
2292 tar Stat 2827a5 0x42c518/"/adm/users" 0x4782e0 115 = 63 "" 1790216213374347510 1790216213374371351
2292 tar Open 28aa90 0x42c518/"/adm/users" 0x0 = 5 "" 1790216213374411104 1790216213374434043
2292 tar Pread 28aa72 5 0x478290 139 -1 0x478290/"-1:adm:adm:glenda.0:none:adm:.1:tor:tor:.2:glenda:glenda:.10000:" 139 -1 = 139 "" 1790216213374466764 1790216213374467701
2292 tar Brk 286967 0x47bb60 = 0 "" 1790216213374529373 1790216213374529519
2292 tar Brk 286967 0x47bda0 = 0 "" 1790216213374563069 1790216213374563177
2292 tar Pread 28aa72 3 0x7ffffffdeb50 8 0 0x7ffffffdeb50/"...)=V.." 8 0 = 8 "" 1790216213374603732 1790216213374604222
2292 tar Brk 286967 0x47bda0 = 0 "" 1790216213374662977 1790216213374663121
2292 tar Brk 286967 0x47bf00 = 0 "" 1790216213374701443 1790216213374701567
2292 tar Brk 286967 0x47bf00 = 0 "" 1790216213374742463 1790216213374742586
2292 tar Brk 286967 0x47c0a0 = 0 "" 1790216213374800357 1790216213374800469
2292 tar Pwrite 28aa63 2  0x7ffffffde6ef/"t" 1 -1t = 1 "" 1790216213374846551 1790216213374860006
2292 tar Pwrite 28aa63 2  0x7ffffffde6ef/"a" 1 -1a = 1 "" 1790216213374893486 1790216213374906635
2292 tar Pwrite 28aa63 2  0x7ffffffde6ef/"r" 1 -1r = 1 "" 1790216213374939084 1790216213374952227
2292 tar Pwrite 28aa63 2  0x7ffffffde73f/":" 1 -1: = 1 "" 1790216213374984138 1790216213374998610
2292 tar Pwrite 28aa63 2  0x7ffffffde73f/"." 1 -1  = 1 "" 1790216213375031558 1790216213375044911
2292 tar Pwrite 28aa63 2  0x7ffffffde757/"R" 1 -1R = 1 "" 1790216213375077831 1790216213375091239
2292 tar Pwrite 28aa63 2  0x7ffffffde757/"e" 1 -1e = 1 "" 1790216213375124076 1790216213375137352
2292 tar Pwrite 28aa63 2  0x7ffffffde757/"m" 1 -1m = 1 "" 1790216213375169946 1790216213375183259
2292 tar Pwrite 28aa63 2  0x7ffffffde757/"o" 1 -1o = 1 "" 1790216213375215946 1790216213375229127
2292 tar Pwrite 28aa63 2  0x7ffffffde757/"v" 1 -1v = 1 "" 1790216213375261735 1790216213375274954
2292 tar Pwrite 28aa63 2  0x7ffffffde757/"i" 1 -1i = 1 "" 1790216213375307683 1790216213375321016
2292 tar Pwrite 28aa63 2  0x7ffffffde757/"n" 1 -1n = 1 "" 1790216213375353814 1790216213375367058
2292 tar Pwrite 28aa63 2  0x7ffffffde757/"g" 1 -1g = 1 "" 1790216213375399827 1790216213375412950
2292 tar Pwrite 28aa63 2  0x7ffffffde757/"." 1 -1  = 1 "" 1790216213375445580 1790216213375458800
2292 tar Pwrite 28aa63 2  0x7ffffffde757/"l" 1 -1l = 1 "" 1790216213375491554 1790216213375504939
2292 tar Pwrite 28aa63 2  0x7ffffffde757/"e" 1 -1e = 1 "" 1790216213375537537 1790216213375550905
2292 tar Pwrite 28aa63 2  0x7ffffffde757/"a" 1 -1a = 1 "" 1790216213375587216 1790216213375600581
2292 tar Pwrite 28aa63 2  0x7ffffffde757/"d" 1 -1d = 1 "" 1790216213375633669 1790216213375647006
2292 tar Pwrite 28aa63 2  0x7ffffffde757/"i" 1 -1i = 1 "" 1790216213375679501 1790216213375692716
2292 tar Pwrite 28aa63 2  0x7ffffffde757/"n" 1 -1n = 1 "" 1790216213375725754 1790216213375739079
2292 tar Pwrite 28aa63 2  0x7ffffffde757/"g" 1 -1g = 1 "" 1790216213375771750 1790216213375785012
2292 tar Pwrite 28aa63 2  0x7ffffffde757/"." 1 -1  = 1 "" 1790216213375817751 1790216213375830934
2292 tar Pwrite 28aa63 2  0x7ffffffde757/"`" 1 -1` = 1 "" 1790216213375863599 1790216213375876820
2292 tar Pwrite 28aa63 2  0x7ffffffde707/"/" 1 -1/ = 1 "" 1790216213375909638 1790216213375922931
2292 tar Pwrite 28aa63 2  0x7ffffffde757/"'" 1 -1' = 1 "" 1790216213375955933 1790216213375969102
2292 tar Pwrite 28aa63 2  0x7ffffffde757/"." 1 -1  = 1 "" 1790216213376001581 1790216213376014912
2292 tar Pwrite 28aa63 2  0x7ffffffde757/"f" 1 -1f = 1 "" 1790216213376047572 1790216213376060801
2292 tar Pwrite 28aa63 2  0x7ffffffde757/"r" 1 -1r = 1 "" 1790216213376093792 1790216213376107021
2292 tar Pwrite 28aa63 2  0x7ffffffde757/"o" 1 -1o = 1 "" 1790216213376139749 1790216213376152911
2292 tar Pwrite 28aa63 2  0x7ffffffde757/"m" 1 -1m = 1 "" 1790216213376185950 1790216213376199225
2292 tar Pwrite 28aa63 2  0x7ffffffde757/"." 1 -1  = 1 "" 1790216213376232965 1790216213376245908
2292 tar Pwrite 28aa63 2  0x7ffffffde757/"m" 1 -1m = 1 "" 1790216213376278022 1790216213376291105
2292 tar Pwrite 28aa63 2  0x7ffffffde757/"e" 1 -1e = 1 "" 1790216213376323061 1790216213376336057
2292 tar Pwrite 28aa63 2  0x7ffffffde757/"m" 1 -1m = 1 "" 1790216213376368011 1790216213376380845
2292 tar Pwrite 28aa63 2  0x7ffffffde757/"b" 1 -1b = 1 "" 1790216213376412905 1790216213376425777
2292 tar Pwrite 28aa63 2  0x7ffffffde757/"e" 1 -1e = 1 "" 1790216213376479452 1790216213376494730
2292 tar Pwrite 28aa63 2  0x7ffffffde757/"r" 1 -1r = 1 "" 1790216213376527385 1790216213376540476
2292 tar Pwrite 28aa63 2  0x7ffffffde757/"." 1 -1  = 1 "" 1790216213376572845 1790216213376588239
2292 tar Pwrite 28aa63 2  0x7ffffffde757/"n" 1 -1n = 1 "" 1790216213376625140 1790216213376640887
2292 tar Pwrite 28aa63 2  0x7ffffffde757/"a" 1 -1a = 1 "" 1790216213376673065 1790216213376685905
2292 tar Pwrite 28aa63 2  0x7ffffffde757/"m" 1 -1m = 1 "" 1790216213376719552 1790216213376734446
2292 tar Pwrite 28aa63 2  0x7ffffffde757/"e" 1 -1e = 1 "" 1790216213376787631 1790216213376800860
2292 tar Pwrite 28aa63 2  0x7ffffffde757/"s" 1 -1s = 1 "" 1790216213376833244 1790216213376846460
2292 tar Pwrite 28aa63 2  0x7ffffffde7af/"." 1 -1
 = 1 "" 1790216213376878750 1790216213376891750
2292 tar Brk 286967 0x47c0a0 = 0 "" 1790216213376924932 1790216213376925071
2292 tar Brk 286967 0x47d0c0 = 0 "" 1790216213376958620 1790216213376958729
2292 tar Stat 2827a5 0x7ffffffdd8c0/"/tmp/h" 0x478400 115 = 68 "" 1790216213376994599 1790216213377053252
