tcl-runall: starting, line buffered, exit wrapped for the marker
tcl-runall: -notfile is l.*.test -- l.*.test is tcltest's own default (SCCS lock files, matches nothing here) and is repeated so that setting the option does not drop it. Anything BEYOND that in the list wedges the parent; nothing does today, since chanio.test and io.test were both the missing loopback -- if either hangs again run sys/lib/tests/socket-server-test first.
tcl-runall: note tcltest runs each file in its OWN process, so a file that is KILLED costs only itself; a file that HANGS costs every file after it. A child's stdout is a PIPE and is block buffered, so the last test named below is a LOWER BOUND on where a hang happened -- use -singleproc 1 -file X -verbose t to get the real name.
Tests running in interp:  /usr/glenda/APExp/sys/src/ape/cmd/tclsh/tcltest
Tests located in:  /usr/glenda/APExp/sys/src/external/tcl/tests
Tests running in:  /usr/glenda/APExp/sys/src/external/tcl/tests
Temporary files stored in /usr/glenda/APExp/sys/src/external/tcl/tests
Test files run in separate interpreters
Running tests that match:  *
Skipping test files that match:  l.*.test
Only running test files that match:  *.test
Tests began at 2026-09-18 14:09:58 +0200
aaa_exit.test
abstractlist.test
append.test
appendComp.test
apply.test
assemble.test
assocd.test
async.test
autoMkindex.test
basic.test
bigdata.test
binary.test


==== binary-53.25 Binary float round to Inf FAILED
==== Contents of test case:

    binary scan [binary format H* 47effffff0000001] Q round_to_inf
    binary scan [binary format R $round_to_inf] R inf1
    expr {$inf1 eq Inf}

---- Result was:
0
---- Result should have been (exact matching):
1
==== binary-53.25 FAILED



==== binary-53.26 Binary float round to -Inf FAILED
==== Contents of test case:

    binary scan [binary format H* c7effffff0000001] Q round_to_inf
    binary scan [binary format R $round_to_inf] R inf1
    expr {$inf1 eq -Inf}

---- Result was:
0
---- Result should have been (exact matching):
1
==== binary-53.26 FAILED

brodnik.test
chan.test
chanio.test


==== chan-io-6.31 Tcl_GetsObj: crlf mode: buffer exhausted, blocked FAILED
==== Contents of test case:

    # (FilterInputBytes() != 0)
    set f [openpipe w+ $path(cat)]
    chan configure $f -translation {crlf lf} -buffering none
    chan puts -nonewline $f "bbbbbbbbbbbbbb\r\n123456789012345\r"
    chan configure $f -buffersize 16
    lappend x [chan gets $f]
    chan configure $f -blocking 0
    lappend x [chan gets $f line] $line [chan blocked $f]  [testchannel inputbuffered $f]

---- Result was:
bbbbbbbbbbbbbb -1 {} 1 0
---- Result should have been (exact matching):
bbbbbbbbbbbbbb -1 {} 1 16
==== chan-io-6.31 FAILED



==== chan-io-6.43 Tcl_GetsObj: input saw cr FAILED
==== Contents of test case:

    # if (chanPtr->flags & INPUT_SAW_CR)
    set f [openpipe w+ $path(cat)]
    chan configure $f -translation {auto lf} -buffering none
    chan puts -nonewline $f "bbbbbbbbbbbbbbb\n123456789abcdef\r"
    chan configure $f -buffersize 16
    lappend x [chan gets $f]
    chan configure $f -blocking 0
    lappend x [chan gets $f line] $line [testchannel queuedcr $f]
    chan configure $f -blocking 1
    chan puts -nonewline $f "\nabcd\refg\x1A"
    lappend x [chan gets $f line] $line [testchannel queuedcr $f]
    lappend x [chan gets $f line] $line

---- Result was:
bbbbbbbbbbbbbbb -1 {} 0 15 123456789abcdef 1 4 abcd
---- Result should have been (exact matching):
bbbbbbbbbbbbbbb 15 123456789abcdef 1 4 abcd 0 3 efg
==== chan-io-6.43 FAILED



==== chan-io-6.44 Tcl_GetsObj: input saw cr, not followed by cr FAILED
==== Contents of test case:

    # not (*eol == '\n')
    set f [openpipe w+ $path(cat)]
    chan configure $f -translation {auto lf} -buffering none
    chan puts -nonewline $f "bbbbbbbbbbbbbbb\n123456789abcdef\r"
    chan configure $f -buffersize 16
    lappend x [chan gets $f]
    chan configure $f -blocking 0
    lappend x [chan gets $f line] $line [testchannel queuedcr $f]
    chan configure $f -blocking 1
    chan puts -nonewline $f "abcd\refg\x1A"
    lappend x [chan gets $f line] $line [testchannel queuedcr $f]
    lappend x [chan gets $f line] $line

---- Result was:
bbbbbbbbbbbbbbb -1 {} 0 15 123456789abcdef 1 4 abcd
---- Result should have been (exact matching):
bbbbbbbbbbbbbbb 15 123456789abcdef 1 4 abcd 0 3 efg
==== chan-io-6.44 FAILED



==== chan-io-6.45 Tcl_GetsObj: input saw cr, skip right number of bytes FAILED
==== Contents of test case:

    # Tcl_ExternalToUtf()
    set f [openpipe w+ $path(cat)]
    chan configure $f -translation {auto lf} -buffering none
    chan configure $f -encoding utf-16
    chan puts -nonewline $f "bbbbbbbbbbbbbbb\n123456789abcdef\r"
    chan configure $f -buffersize 16
    chan gets $f
    chan configure $f -blocking 0
    lappend x [chan gets $f line] $line [testchannel queuedcr $f]
    chan configure $f -blocking 1
    chan puts -nonewline $f "\nabcd\refg"
    lappend x [chan gets $f line] $line [testchannel queuedcr $f]

---- Result was:
-1 {} 0 15 123456789abcdef 0
---- Result should have been (exact matching):
15 123456789abcdef 1 4 abcd 0
==== chan-io-6.45 FAILED



==== chan-io-6.46 Tcl_GetsObj: input saw cr, followed by just \n should give eof FAILED
==== Contents of test case:

    # memmove()
    set f [openpipe w+ $path(cat)]
    chan configure $f -translation {auto lf} -buffering none
    chan puts -nonewline $f "bbbbbbbbbbbbbbb\n123456789abcdef\r"
    chan configure $f -buffersize 16
    chan gets $f
    chan configure $f -blocking 0
    lappend x [chan gets $f line] $line [testchannel queuedcr $f]
    chan configure $f -blocking 1
    chan puts -nonewline $f "\n\x1A"
    lappend x [chan gets $f line] $line [testchannel queuedcr $f]

---- Result was:
-1 {} 0 15 123456789abcdef 1
---- Result should have been (exact matching):
15 123456789abcdef 1 -1 {} 0
==== chan-io-6.46 FAILED



==== chan-io-6.47 Tcl_GetsObj: auto mode: \r at end of buffer, peek for \n FAILED
==== Contents of test case:

    # (eol == dstEnd)
    set f [open $path(test1) w]
    chan configure $f -translation lf
    chan puts -nonewline $f "123456789012345\r\nabcdefghijklmnopq"
    chan close $f
    set f [open $path(test1)]
    chan configure $f -translation auto -buffersize 16
    list [chan gets $f] [testchannel inputbuffered $f]

---- Result was:
123456789012345 0
---- Result should have been (exact matching):
123456789012345 15
==== chan-io-6.47 FAILED



==== chan-io-8.1 PeekAhead: only go to device if no more cached data FAILED
==== Contents of test case:

    # (bufPtr->nextPtr == NULL)
    set f [open $path(test1) w]
    chan configure $f -encoding ascii -translation lf
    chan puts -nonewline $f "123456789012345\r\n2345678"
    chan close $f
    set f [open $path(test1)]
    chan configure $f -encoding ascii -translation auto -buffersize 16
    # here
    chan gets $f
    testchannel inputbuffered $f

---- Result was:
0
---- Result should have been (exact matching):
7
==== chan-io-8.1 FAILED



==== chan-io-14.1 Tcl_SetStdChannel and Tcl_GetStdChannel FAILED
==== Contents of test case:

    set result ""
    lappend result [chan configure stdin -buffering]
    lappend result [chan configure stdout -buffering]
    lappend result [chan configure stderr -buffering]
    lappend result [lsort [testchannel open]]

---- Result was:
line line line {file0 file1 file2}
---- Result should have been (exact matching):
line line none {file0 file1 file2}
==== chan-io-14.1 FAILED



==== chan-io-14.2 Tcl_SetStdChannel and Tcl_GetStdChannel FAILED
==== Contents of test case:

    lappend result [x eval {chan configure stdin -buffering}]
    lappend result [x eval {chan configure stdout -buffering}]
    lappend result [x eval {chan configure stderr -buffering}]

---- Result was:
line line line
---- Result should have been (exact matching):
line line none
==== chan-io-14.2 FAILED



==== chan-io-28.7 Tcl_CloseEx (half-close) socket FAILED
==== Contents of test case:

    set s [socket 127.0.0.1 $port]
    puts $s Hey
    close $s w
    set timer [after 1000 [namespace code {set done Failed}]]
    set acc {}
    fileevent $s readable [namespace code {
	if {[gets $s line]<0} {
	    set done Succeeded
	} else {
	    lappend acc $line
	}
    }]
    vwait [namespace which -variable done]
    list $done $acc

---- Result was:
Succeeded {}
---- Result should have been (exact matching):
Succeeded {Hey DONE}
==== chan-io-28.7 FAILED



==== chan-io-29.27 Tcl_Flush on chan closed pipeline FAILED
==== Contents of test case:

    set f [openpipe r+ $path(pipe)]
    chan gets $f
    chan puts $f output
    after 50
    #
    # The flush below will get a SIGPIPE. This is an expected part of the test
    # and indicates that the test operates correctly. If you run this test
    # under a debugger, the signal will by intercepted unless you disable the
    # debugger's signal interception.
    #
    if {[catch {chan flush $f} msg]} {
	set x [list 1 $msg $::errorCode]
	catch {chan close $f}
    } elseif {[catch {chan close $f} msg]} {
	set x [list 1 $msg $::errorCode]
    } else {
	set x {this was supposed to fail and did not}
    }
    string tolower $x

---- Result was:
1 {error flushing "file8": cannot send after transport endpoint shutdown} {posix eshutdown {cannot send after transport endpoint shutdown}}
---- Result should have been (glob matching):
1 {error flushing "*": broken pipe} {posix epipe {broken pipe}}
==== chan-io-29.27 FAILED

