tk-runall: starting, line buffered, default bgerror dialog replaced by a log line (tkerror delegation kept), exit wrapped for the marker
Tests running in interp:  /bin/wish
Tests located in:  /usr/glenda/APExp/sys/src/external/tk/tests
Tests running in:  /usr/glenda/APExp/sys/src/external/tk/tests
Temporary files stored in /usr/glenda/APExp/sys/src/external/tk/tests
Test files sourced into current interpreter
Running tests that match:  *
Skipping test files that match:  l.*.test
Only running test files that match:  *.test
Tests began at 2026-09-10 14:38:53 +0200
bell.test
Bell should ring now ...
bgerror.test
bind.test


==== bind-13.1 Tk_BindEvent procedure FAILED
==== Contents of test case:

    bind Test <Key> {lappend x "%W %K Test Key"}
    bind all <Key> {lappend x "%W %K all Key"}
    bind Test : {lappend x "%W %K Test :"}
    bind all  _ {lappend x "%W %K all _"}
    bind .t.f : {lappend x "%W %K .t.f :"}

    event generate .t.f <:>
    event generate .t.f <+>
    event generate .t.f <_>
    return $x

---- Result was:

---- Result should have been (exact matching):
{.t.f : .t.f :} {.t.f : Test :} {.t.f : all Key} {.t.f + Test Key} {.t.f + all Key} {.t.f _ Test Key} {.t.f _ all _}
==== bind-13.1 FAILED



==== bind-13.2 Tk_BindEvent procedure FAILED
==== Contents of test case:

    bind Test <Key> {lappend x "%W %K Test press any"; break}
    bind all <Key> {continue; lappend x "%W %K all press any"}
    bind .t.f : {lappend x "%W %K .t.f pressed colon"}

    event generate .t.f <:>
    return $x

---- Result was:

---- Result should have been (exact matching):
{.t.f : .t.f pressed colon} {.t.f : Test press any}
==== bind-13.2 FAILED



==== bind-13.3 Tk_BindEvent procedure FAILED
==== Contents of test case:

    bind Test <Key> {lappend x "%W %K Test press any"; error Test}
    bind .t.f : {lappend x "%W %K .t.f pressed colon"}
    event generate .t.f <:>
    update
    list $x $errorInfo

---- Result was:
{} {no event type or button # or keysym
    while executing
".t.c bind foo <"
    ("uplevel" body line 3)
    invoked from within
"uplevel 1 $script"}
---- Result should have been (exact matching):
{{.t.f : .t.f pressed colon} {.t.f : Test press any}} {Test
    while executing
"error Test"
    (command bound to event)}
==== bind-13.3 FAILED



==== bind-13.4 Tk_BindEvent procedure FAILED
==== Contents of test case:

    bind Test : {lappend x "%W %K Test"}
    bind .t.f : {lappend x "%W %K .t.f"}
    foo
    return $x

---- Result was:

---- Result should have been (exact matching):
{.t.f : .t.f} {.t.f : Test}
==== bind-13.4 FAILED



==== bind-13.7 Tk_BindEvent procedure FAILED
==== Contents of test case:

    bind .t.f : {lappend x "%W (.t.f binding)"}
    bind Test : {lappend x "%W (Test binding)"}
    bind all : {bind .t.f : {}; lappend x "%W (all binding)"}
    event generate .t.f <:>
    return $x

---- Result was:

---- Result should have been (exact matching):
{.t.f (.t.f binding)} {.t.f (Test binding)} {.t.f (all binding)}
==== bind-13.7 FAILED



==== bind-13.8 Tk_BindEvent procedure FAILED
==== Contents of test case:

    bind .t.f : {lappend x "%W (.t.f binding)"}
    bind Test : {lappend x "%W (Test binding)"}
    bind all : {destroy .t.f; lappend x "%W (all binding)"}
    event generate .t.f <:>
    return $x

---- Result was:

---- Result should have been (exact matching):
{.t.f (.t.f binding)} {.t.f (Test binding)} {.t.f (all binding)}
==== bind-13.8 FAILED



==== bind-13.13 Tk_BindEvent procedure: valid key detail FAILED
==== Contents of test case:

    bind .t.f <Key> "lappend x Key%K"
    bind .t.f <KeyRelease> "lappend x Release%K"
    event generate .t.f <Key> -keysym :
    event generate .t.f <KeyRelease> -keysym :
    return $x

---- Result was:

---- Result should have been (exact matching):
Key: Release:
==== bind-13.13 FAILED



==== bind-13.14 Tk_BindEvent procedure: invalid key detail FAILED
==== Contents of test case:

    bind .t.f <Key> "lappend x Key%K"
    bind .t.f <KeyRelease> "lappend x Release%K"
    event generate .t.f <Key> -keycode -1
    event generate .t.f <KeyRelease> -keycode -1
    return $x

---- Result was:

---- Result should have been (exact matching):
Key?? Release??
==== bind-13.14 FAILED



==== bind-15.9 MatchPatterns procedure, modifier checks FAILED
==== Contents of test case:

    bind .t.f <M1-M2-Key> {set x 1}
    set x 0
    event generate .t.f <a> -state 0x18
    return $x

---- Result was:
0
---- Result should have been (exact matching):
1
==== bind-15.9 FAILED



==== bind-15.10 MatchPatterns procedure, modifier checks FAILED
==== Contents of test case:

    bind .t.f <M1-M2-Key> {set x 1}
    set x 0
    event generate .t.f <a> -state 0xfc
    return $x

---- Result was:
0
---- Result should have been (exact matching):
1
==== bind-15.10 FAILED



==== bind-15.31 MatchPatterns procedure, conflict resolution FAILED
==== Contents of test case:

    bind .t.f <M1-Key> {set x 0}
    bind .t.f <M2-Key> {set x 1}
    event generate .t.f <a> -state 0x18
    return $x

---- Result was:

---- Result should have been (exact matching):
1
==== bind-15.31 FAILED



==== bind-15.32 MatchPatterns procedure, conflict resolution FAILED
==== Contents of test case:

    bind .t.f <M2-Key> {set x 0}
    bind .t.f <M1-Key> {set x 1}
    set x none
    event generate .t.f <a> -state 0x18
    return $x

---- Result was:
none
---- Result should have been (exact matching):
1
==== bind-15.32 FAILED



==== bind-16.16 ExpandPercents procedure FAILED
==== Contents of test case:

    bind .t.f <Key> {set x "%k"}
    set x none
    event generate .t.f <Key> -keycode 146
    set x

---- Result was:
none
---- Result should have been (exact matching):
146
==== bind-16.16 FAILED



==== bind-16.39 ExpandPercents procedure FAILED
==== Contents of test case:

    bind .t.f <Key> {set x "%N"}
    set x none
    event generate .t.f <space>
    set x

---- Result was:
none
---- Result should have been (exact matching):
32
==== bind-16.39 FAILED



==== bind-16.40 ExpandPercents procedure FAILED
==== Contents of test case:

    bind .t.f <Key> {set x "%S"}
    set x none
    event generate .t.f <space> -subwindow .t
    set x

---- Result was:
none
---- Result should have been (exact matching):
0x10
==== bind-16.40 FAILED



==== bind-16.41 ExpandPercents procedure FAILED
==== Contents of test case:

    bind .t.f <Key> {set x "%T"}
    set x none
    event generate .t.f <Key>
    set x

---- Result was:
none
---- Result should have been (exact matching):
2
==== bind-16.41 FAILED



==== bind-16.42 ExpandPercents procedure FAILED
==== Contents of test case:

    bind .t.f <Key> {set x "%W"}
    set x none
    event generate .t.f <Key>
    set x

---- Result was:
none
---- Result should have been (exact matching):
.t.f
==== bind-16.42 FAILED



==== bind-16.45 ExpandPercents procedure FAILED
==== Contents of test case:

    bind .t.e <Key> {set x "%M"}
    bind Entry <Key> {set y "%M"}
    bind all <Key> {set z "%M"}
    set x none; set y none; set z none
    event gen .t.e <a>
    list $x $y $z

---- Result was:
none none 0
---- Result should have been (exact matching):
0 1 2
==== bind-16.45 FAILED



==== bind-16.46 ExpandPercents procedure FAILED
==== Contents of test case:

    bind all <Key> {set z "%M"}
    bind Entry <Key> {set y "%M"}
    bind .t.e <Key> {set x "%M"}
    set x none; set y none; set z none
    event gen .t.e <a>
    list $x $y $z

---- Result was:
none none 0
---- Result should have been (exact matching):
0 1 2
==== bind-16.46 FAILED



==== bind-22.10 HandleEventGenerate FAILED
==== Contents of test case:

    bind .t.f <Key> {set x "%s %K"}
    event generate .t.f <Control-space>
    set x

---- Result was:

---- Result should have been (exact matching):
4 space
==== bind-22.10 FAILED



==== bind-22.46 HandleEventGenerate: options <Key> -keycode 20 FAILED
==== Contents of test case:

    bind .t.f <Key> "lappend x %k"
    event generate .t.f <Key> -keycode 20
    return $x

---- Result was:

---- Result should have been (exact matching):
20
==== bind-22.46 FAILED



==== bind-22.49 HandleEventGenerate: options <Key> -keysym space FAILED
==== Contents of test case:

    bind .t.f <Key> "lappend x %K"
    event generate .t.f <Key> -keysym space
    return $x

---- Result was:

---- Result should have been (exact matching):
space
==== bind-22.49 FAILED



==== bind-22.64 HandleEventGenerate: options <Key> -root .t FAILED
==== Contents of test case:

    bind .t.f <Key> "lappend x %R"
    event generate .t.f <Key> -root .t
    expr {[winfo id .t] eq $x}

---- Result was:
0
---- Result should have been (exact matching):
1
==== bind-22.64 FAILED



==== bind-22.66 HandleEventGenerate: options <Key> -root [winfo id .t] FAILED
==== Contents of test case:

    bind .t.f <Key> "lappend x %R"
    event generate .t.f <Key> -root [winfo id .t]
    expr {[winfo id .t] eq $x}

---- Result was:
0
---- Result should have been (exact matching):
1
==== bind-22.66 FAILED



==== bind-22.74 HandleEventGenerate: options <Key> -rootx 2i FAILED
==== Contents of test case:

    bind .t.f <Key> "lappend x %X"
    event generate .t.f <Key> -rootx 2i
    expr {[winfo pixels .t.f 2i] eq $x}

---- Result was:
0
---- Result should have been (exact matching):
1
==== bind-22.74 FAILED



==== bind-22.82 HandleEventGenerate: options <Key> -rooty 2i FAILED
==== Contents of test case:

    bind .t.f <Key> "lappend x %Y"
    event generate .t.f <Key> -rooty 2i
    expr {[winfo pixels .t.f 2i] eq $x}

---- Result was:
0
---- Result should have been (exact matching):
1
==== bind-22.82 FAILED



==== bind-22.90 HandleEventGenerate: options <Key> -sendevent 1 FAILED
==== Contents of test case:

    bind .t.f <Key> "lappend x %E"
    event generate .t.f <Key> -sendevent 1
    return $x

---- Result was:

---- Result should have been (exact matching):
1
==== bind-22.90 FAILED



==== bind-22.91 HandleEventGenerate: options <Key> -sendevent yes FAILED
==== Contents of test case:

    bind .t.f <Key> "lappend x %E"
    event generate .t.f <Key> -sendevent yes
    return $x

---- Result was:

---- Result should have been (exact matching):
1
==== bind-22.91 FAILED



==== bind-22.92 HandleEventGenerate: options <Key> -sendevent 43 FAILED
==== Contents of test case:

    bind .t.f <Key> "lappend x %E"
    event generate .t.f <Key> -sendevent 43
    return $x

---- Result was:

---- Result should have been (exact matching):
1
==== bind-22.92 FAILED



==== bind-22.94 HandleEventGenerate: options <Key> -serial 100 FAILED
==== Contents of test case:

    bind .t.f <Key> "lappend x %#"
    event generate .t.f <Key> -serial 100
    return $x

---- Result was:

---- Result should have been (exact matching):
100
==== bind-22.94 FAILED



==== bind-22.96 HandleEventGenerate: options <Key> -state 1 FAILED
==== Contents of test case:

    bind .t.f <Key> "lappend x %s"
    event generate .t.f <Key> -state 1
    return $x

---- Result was:

---- Result should have been (exact matching):
1
==== bind-22.96 FAILED



==== bind-22.106 HandleEventGenerate: options <Key> -subwindow .t FAILED
==== Contents of test case:

    bind .t.f <Key> "lappend x %S"
    event generate .t.f <Key> -subwindow .t
    expr {[winfo id .t] eq $x}

---- Result was:
0
---- Result should have been (exact matching):
1
==== bind-22.106 FAILED



==== bind-22.108 HandleEventGenerate: options <Key> -subwindow [winfo id .t] FAILED
==== Contents of test case:

    bind .t.f <Key> "lappend x %S"
    event generate .t.f <Key> -subwindow [winfo id .t]
    expr {[winfo id .t] eq $x}

---- Result was:
0
---- Result should have been (exact matching):
1
==== bind-22.108 FAILED



==== bind-22.116 HandleEventGenerate: options <Key> -time 100 FAILED
==== Contents of test case:

    bind .t.f <Key> "lappend x %t"
    event generate .t.f <Key> -time 100
    return $x

---- Result was:

---- Result should have been (exact matching):
100
==== bind-22.116 FAILED



==== bind-22.140 HandleEventGenerate: options <Key> -x 2i FAILED
==== Contents of test case:

    bind .t.f <Key> "lappend x %x"
    event generate .t.f <Key> -x 2i
    expr {[winfo pixels .t.f 2i] eq $x}

---- Result was:
0
---- Result should have been (exact matching):
1
==== bind-22.140 FAILED



==== bind-22.152 HandleEventGenerate: options <Key> -y 2i FAILED
==== Contents of test case:

    bind .t.f <Key> "lappend x %y"
    event generate .t.f <Key> -y 2i
    expr {[winfo pixels .t.f 2i] eq $x}

---- Result was:
0
---- Result should have been (exact matching):
1
==== bind-22.152 FAILED



==== bind-26.12 event names: Key FAILED
==== Contents of test case:

    bind .t.f <Key> "set x {event Key}"
    set x xyzzy
    event generate .t.f <Key>
    list $x [bind .t.f]

---- Result was:
xyzzy <Key>
---- Result should have been (exact matching):
{event Key} <Key>
==== bind-26.12 FAILED



==== bind-26.14 event names: KeyRelease FAILED
==== Contents of test case:

    bind .t.f <KeyRelease> "set x {event KeyRelease}"
    set x xyzzy
    event generate .t.f <KeyRelease>
    list $x [bind .t.f]

---- Result was:
xyzzy <KeyRelease>
---- Result should have been (exact matching):
{event KeyRelease} <KeyRelease>
==== bind-26.14 FAILED



==== bind-28.5 keysym names FAILED
==== Contents of test case:

    bind .t.f <:> "lappend x \"keysym received\""
    bind .t.f <_> "lappend x {bad binding match}"
    set x [lsort [bind .t.f]]
    event generate .t.f <:> ;# -state 0
    set x

---- Result was:
: _
---- Result should have been (exact matching):
: _ {keysym received}
==== bind-28.5 FAILED



==== bind-28.6 keysym names FAILED
==== Contents of test case:

    bind .t.f <Return> "lappend x \"keysym Return\""
    bind .t.f <x> "lappend x {bad binding match}"
    set x [lsort [bind .t.f]]
    event generate .t.f <Return> -state 0
    set x

---- Result was:
<Key-Return> x
---- Result should have been (exact matching):
<Key-Return> x {keysym Return}
==== bind-28.6 FAILED



==== bind-28.7 keysym names FAILED
==== Contents of test case:

    bind .t.f <X> "lappend x \"keysym X\""
    bind .t.f <x> "lappend x {bad binding match}"
    set x [lsort [bind .t.f]]
    event generate .t.f <X> -state 1
    set x

---- Result was:
X x
---- Result should have been (exact matching):
X x {keysym X}
==== bind-28.7 FAILED



==== bind-28.8 keysym names FAILED
==== Contents of test case:

    bind .t.f <X> "lappend x \"keysym X\""
    bind .t.f <x> "lappend x {bad binding match}"
    set x [lsort [bind .t.f]]
    event generate .t.f <X> -state 1
    set x

---- Result was:
X x
---- Result should have been (exact matching):
X x {keysym X}
==== bind-28.8 FAILED



==== bind-32.3 should trigger best match of modifier states FAILED
==== Contents of test case:

    bind .t.f <Alt-Control-A> { lappend x "Alt-Control" }
    bind .t.f <Shift-Control-A> { lappend x "Shift-Control" }
    bind .t.f <Shift-A> { lappend x "Shift" }
    event generate .t.f <Alt-Control-A>
    set x

---- Result was:

---- Result should have been (exact matching):
Shift-Control
==== bind-32.3 FAILED



==== bind-32.7 test sequences FAILED
==== Contents of test case:

    bind .t.f <Double-Button-1> { lappend x "Double" }
    bind .t.f <Button-1><Button-1><a> { lappend x "11" }
    event generate .t.f <Button-1>
    event generate .t.f <Button-1>
    event generate .t.f <a>
    set x

---- Result was:
Double
---- Result should have been (exact matching):
Double 11
==== bind-32.7 FAILED



==== bind-32.8 test sequences FAILED
==== Contents of test case:

    bind .t.f <a><Button-1><Double-Button-1><Button-1><a> { lappend x "Double" }
    event generate .t.f <a>
    event generate .t.f <Button-1>
    event generate .t.f <Button-1>
    event generate .t.f <Button-1>
    event generate .t.f <Button-1>
    event generate .t.f <a>
    set x

---- Result was:

---- Result should have been (exact matching):
Double
==== bind-32.8 FAILED



==== bind-32.9 trigger events for modifier keys FAILED
==== Contents of test case:

    bind .t.f <Key> { set x "Key" }
    event generate .t.f <Key> -keysym Caps_Lock
    set x

---- Result was:

---- Result should have been (exact matching):
Key
==== bind-32.9 FAILED



==== bind-33.1 prefer longest match FAILED
==== Contents of test case:

    bind .t.f <a><Button-1><Button-1> { lappend x "a11" }
    bind .t.f <Double-Button-1> { lappend x "Double" }
    event generate .t.f <a>
    event generate .t.f <Button-1>
    event generate .t.f <Button-1>
    set x

---- Result was:
Double
---- Result should have been (exact matching):
a11
==== bind-33.1 FAILED



==== bind-33.3 prefer most specific event FAILED
==== Contents of test case:

    bind .t.f <a><Double-Button-1><a> { lappend x "Double" }
    bind .t.f <a><Button-1><Button-1><a> { lappend x "11" }
    event generate .t.f <a>
    event generate .t.f <Button-1>
    event generate .t.f <Button-1>
    event generate .t.f <a>
    set x

---- Result was:

---- Result should have been (exact matching):
Double
==== bind-33.3 FAILED



==== bind-33.6 prefer most specific event FAILED
==== Contents of test case:

    bind .t.f <a><Button-1><Button-1><Button-1><Button-1><a> { lappend x "1111" }
    bind .t.f <a><Button><Double-Button><Button><a> { lappend x "Any-Double-Any" }
    event generate .t.f <a>
    event generate .t.f <Button-1>
    event generate .t.f <Button-1>
    event generate .t.f <Button-1>
    event generate .t.f <Button-1>
    event generate .t.f <a>
    set x

---- Result was:

---- Result should have been (exact matching):
1111
==== bind-33.6 FAILED



==== bind-33.7 prefer most specific event FAILED
==== Contents of test case:

    bind .t.f <Button-1><a> { lappend x "1" }
    bind .t.f <Button><a> { lappend x "Any" }
    event generate .t.f <Button-1>
    event generate .t.f <a>
    set x

---- Result was:

---- Result should have been (exact matching):
1
==== bind-33.7 FAILED



==== bind-33.8 prefer most specific event FAILED
==== Contents of test case:

    bind .t.f <Double-Button-1><a> { lappend x "1" }
    bind .t.f <Button><Button><a> { lappend x "Any" }
    event generate .t.f <Button-1>
    event generate .t.f <Button-1>
    event generate .t.f <a>
    set x

---- Result was:

---- Result should have been (exact matching):
1
==== bind-33.8 FAILED



==== bind-33.16 simulate use of the keyboard to trigger a pattern sequence with modifier - bug [16ef161925] FAILED
==== Contents of test case:

    bind .t.f <Escape><Control-c> { lappend x "Esc_Control-c" }
    event generate .t.f <Escape>
    event generate .t.f <Control_L>
    event generate .t.f <Control_L>
    event generate .t.f <Control_L>
    event generate .t.f <Control-c>
    set x

---- Result was:

---- Result should have been (exact matching):
Esc_Control-c
==== bind-33.16 FAILED



==== bind-33.17 simulate use of the keyboard to trigger a pattern sequence with modifier - bug [16ef161925] FAILED
==== Contents of test case:

    bind .t.f <Escape><Control-c> { lappend x "Esc_Control-c" }
    bind .t.f <Escape><Control_L><Control-c> { lappend x "Esc_Ctrl_L_Control-c" }
    event generate .t.f <Escape>
    event generate .t.f <Control_L>
    event generate .t.f <Control_L>
    event generate .t.f <Control_L>
    event generate .t.f <Control-c>
    set x

---- Result was:

---- Result should have been (exact matching):
Esc_Ctrl_L_Control-c
==== bind-33.17 FAILED



==== bind-33.18 simulate use of the keyboard to trigger a pattern sequence with modifier - bug [16ef161925] FAILED
==== Contents of test case:

    bind .t.f <Escape><Control-c> { lappend x "Esc_Control-c" }
    bind .t.f <Escape><Control_L><Control-c> { lappend x "Esc_Ctrl_L_Control-c" }
    bind .t.f <Escape><Control_L><Control_L><Control-c> { lappend x "Esc_Ctrl_L(2)_Control-c" }
    event generate .t.f <Escape>
    event generate .t.f <Control_L>
    event generate .t.f <Control_L>
    event generate .t.f <Control_L>
    event generate .t.f <Control-c>
    set x

---- Result was:

---- Result should have been (exact matching):
Esc_Ctrl_L(2)_Control-c
==== bind-33.18 FAILED



==== bind-33.19 simulate use of the keyboard to trigger a pattern sequence with modifier - bug [16ef161925] FAILED
==== Contents of test case:

    bind .t.f <Escape><Control-c> { lappend x "Esc_Control-c" }
    bind .t.f <Escape><Key><Key><Control-c> { lappend x "Esc_Key(2)_Control-c" }
    event generate .t.f <Escape>
    event generate .t.f <Alt_L>
    event generate .t.f <Control_L>
    event generate .t.f <Control-c>
    set x

---- Result was:

---- Result should have been (exact matching):
Esc_Key(2)_Control-c
==== bind-33.19 FAILED



==== bind-33.20 simulate use of the keyboard to trigger a pattern sequence with mixed Key and Button types - bug [16ef161925] FAILED
==== Contents of test case:

    bind .t.f <Key-1><Button-1> { lappend x "1_Button1" }
    event generate .t.f <Key-1>
    event generate .t.f <KeyRelease-1>
    event generate .t.f <Button-1>
    set x

---- Result was:

---- Result should have been (exact matching):
1_Button1
==== bind-33.20 FAILED



==== bind-33.21 simulate use of the keyboard to trigger a pattern sequence with mixed Key and Button types - bug [16ef161925] FAILED
==== Contents of test case:

    bind .t.f <Key-1><Button-1> { lappend x "1_Button1" }
    bind .t.f <Key-1><Button-1><Key-2> { lappend x "1_Button1_2" }
    event generate .t.f <Key-1>
    event generate .t.f <KeyRelease-1>
    event generate .t.f <Button-1>
    event generate .t.f <Key-2>
    event generate .t.f <KeyRelease-2>
    set x

---- Result was:

---- Result should have been (exact matching):
1_Button1 1_Button1_2
==== bind-33.21 FAILED



==== bind-36.1 pointer warp with grab on toplevel, bug [e3888d5820] FAILED
==== Contents of test case:

    grab .top
    event generate .top.l <Motion> -warp 1 -x 10 -y 10
    controlPointerWarpTiming
    foreach {x1 y1} [winfo pointerxy .top.l] {}
    event generate {} <Motion> -warp 1 -x 50 -y 50
    controlPointerWarpTiming
    grab release .top
    event generate .top.l <Motion> -warp 1 -x 10 -y 10
    controlPointerWarpTiming
    foreach {x2 y2} [winfo pointerxy .top.l] {}
    # success if the coords are the same with or without the grab, and if they
    # are at (10,10) inside the label widget as requested by the warping
    expr {$x1==$x2 && $y1==$y2 && $x1==[winfo rootx .top.l]+10  && $y1==[winfo rooty .top.l]+10}

---- Result was:
0
---- Result should have been (exact matching):
1
==== bind-36.1 FAILED

bitmap.test
border.test
busy.test
button.test
canvImg.test
canvMoveto.test
canvPs.test
canvRect.test
canvText.test
canvWind.test


==== canvWind-1.1 DisplayWinItem, windows off-screen vertically FAILED
==== Contents of test case:

    toplevel .t
    canvas .t.c -scrollregion {0 0 1000 800} -width 250 -height 200 -bd 2  -relief sunken -xscrollincrement 1 -yscrollincrement 1  -highlightthickness 1
    pack .t.c -fill both -expand 1 -padx 20 -pady 20
    wm geometry .t +0+0
    set f .t.f
    frame $f -width 80 -height 50 -bg red
    .t.c create window 300 400 -window $f -anchor nw
    .t.c xview moveto .3
    .t.c yview moveto .50
    update
    set x [list [list [winfo ismapped $f] [winfo y $f]]]
    .t.c yview scroll 52 units
    update
    lappend x [list [winfo ismapped $f] [winfo y $f]]
    .t.c yview scroll 1 units
    update
    lappend x [list [winfo ismapped $f] [winfo y $f]]
    .t.c yview scroll -255 units
    update
    lappend x [list [winfo ismapped $f] [winfo y $f]]
    .t.c yview scroll -1 units
    update
    lappend x [list [winfo ismapped $f] [winfo y $f]]

---- Result was:
{0 0} {0 0} {0 0} {0 0} {0 0}
---- Result should have been (exact matching):
{1 23} {1 -29} {0 -29} {1 225} {0 225}
==== canvWind-1.1 FAILED



==== canvWind-1.2 DisplayWinItem, windows off-screen vertically FAILED
==== Contents of test case:

    toplevel .t
    canvas .t.c -scrollregion {0 0 1000 800} -width 250 -height 200 -bd 2  -relief sunken -xscrollincrement 1 -yscrollincrement 1  -highlightthickness 1
    pack .t.c -fill both -expand 1 -padx 20 -pady 20
    wm geometry .t +0+0
    set f .t.c.f
    frame $f -width 80 -height 50 -bg red
    .t.c create window 300 400 -window $f -anchor nw
    .t.c xview moveto .3
    .t.c yview moveto .50
    update
    set x [list [list [winfo ismapped $f] [winfo y $f]]]
    .t.c yview scroll 52 units
    update
    lappend x [list [winfo ismapped $f] [winfo y $f]]
    .t.c yview scroll 1 units
    update
    lappend x [list [winfo ismapped $f] [winfo y $f]]
    .t.c yview scroll -255 units
    update
    lappend x [list [winfo ismapped $f] [winfo y $f]]
    .t.c yview scroll -1 units
    update
    lappend x [list [winfo ismapped $f] [winfo y $f]]

---- Result was:
{0 0} {0 0} {0 0} {0 0} {0 0}
---- Result should have been (exact matching):
{1 3} {1 -49} {0 -49} {1 205} {0 205}
==== canvWind-1.2 FAILED



==== canvWind-1.3 DisplayWinItem, windows off-screen horizontally FAILED
==== Contents of test case:

    toplevel .t
    canvas .t.c -scrollregion {0 0 1000 800} -width 250 -height 200 -bd 2  -relief sunken -xscrollincrement 1 -yscrollincrement 1  -highlightthickness 1
    pack .t.c -fill both -expand 1 -padx 20 -pady 20
    wm geometry .t +0+0
    set f .t.f
    frame $f -width 80 -height 50 -bg red
    .t.c create window 300 400 -window $f -anchor nw
    .t.c xview moveto .3
    .t.c yview moveto .50
    update
    set x [list [list [winfo ismapped $f] [winfo x $f]]]
    .t.c xview scroll 82 units
    update
    lappend x [list [winfo ismapped $f] [winfo x $f]]
    .t.c xview scroll 1 units
    update
    lappend x [list [winfo ismapped $f] [winfo x $f]]
    .t.c xview scroll -335 units
    update
    lappend x [list [winfo ismapped $f] [winfo x $f]]
    .t.c xview scroll -1 units
    update
    lappend x [list [winfo ismapped $f] [winfo x $f]]

---- Result was:
{0 0} {0 0} {0 0} {0 0} {0 0}
---- Result should have been (exact matching):
{1 23} {1 -59} {0 -59} {1 275} {0 275}
==== canvWind-1.3 FAILED



==== canvWind-1.4 DisplayWinItem, windows off-screen horizontally FAILED
==== Contents of test case:

    toplevel .t
    canvas .t.c -scrollregion {0 0 1000 800} -width 250 -height 200 -bd 2  -relief sunken -xscrollincrement 1 -yscrollincrement 1  -highlightthickness 1
    pack .t.c -fill both -expand 1 -padx 20 -pady 20
    wm geometry .t +0+0
    set f .t.c.f
    frame $f -width 80 -height 50 -bg red
    .t.c create window 300 400 -window $f -anchor nw
    .t.c xview moveto .3
    .t.c yview moveto .50
    update
    set x [list [list [winfo ismapped $f] [winfo x $f]]]
    .t.c xview scroll 82 units
    update
    lappend x [list [winfo ismapped $f] [winfo x $f]]
    .t.c xview scroll 1 units
    update
    lappend x [list [winfo ismapped $f] [winfo x $f]]
    .t.c xview scroll -335 units
    update
    lappend x [list [winfo ismapped $f] [winfo x $f]]
    .t.c xview scroll -1 units
    update
    lappend x [list [winfo ismapped $f] [winfo x $f]]

---- Result was:
{0 0} {0 0} {0 0} {0 0} {0 0}
---- Result should have been (exact matching):
{1 3} {1 -79} {0 -79} {1 255} {0 255}
==== canvWind-1.4 FAILED

canvas.test
choosedir.test
clipboard.test


==== clipboard-4.1 ClipboardLostSel procedure FAILED
==== Contents of test case:

    clipboard append "Test"
    selection clear -s CLIPBOARD
    clipboard get

---- Test completed normally; Return code was: 0
---- Return code should have been one of: 1
==== clipboard-4.1 FAILED



==== clipboard-4.2 ClipboardLostSel procedure FAILED
==== Contents of test case:

    clipboard append "Test"
    clipboard append -t TEST "Test2"
    selection clear -s CLIPBOARD
    clipboard get

---- Test completed normally; Return code was: 0
---- Return code should have been one of: 1
==== clipboard-4.2 FAILED



==== clipboard-4.4 ClipboardLostSel procedure FAILED
==== Contents of test case:

    clipboard append "Test"
    clipboard append -t TEST "Test2"
    clipboard append "Test3"
    selection clear -s CLIPBOARD
    clipboard get

---- Test completed normally; Return code was: 0
---- Return code should have been one of: 1
==== clipboard-4.4 FAILED



==== clipboard-6.2 Tk_ClipboardAppend procedure FAILED
==== Contents of test case:

    childTkProcess create
    clipboard append -f INTEGER -t TEST "16"
    set result [childTkProcess eval {clipboard get TEST}]
    return $result

---- Result was:
CLIPBOARD selection doesn't exist or form "TEST" not defined
---- Result should have been (exact matching):
0x10 
==== clipboard-6.2 FAILED

clrpick.test


==== clrpick-2.1 tk_chooseColor command FAILED
==== Contents of test case:

    ToPressButton . ok
    tk_chooseColor -title "Press Ok $verylongstring" -initialcolor #404040  -parent .

---- Test generated error; Return code was: 1
---- Return code should have been one of: 0 2
---- errorInfo: can't wait for variable(s)/channel(s): would wait forever
    while executing
"vwait ::tk::Priv(selectColor)"
    (procedure "::tk::dialog::color::" line 79)
    invoked from within
"::tk::dialog::color:: {*}$args"
    (procedure "tk_chooseColor" line 2)
    invoked from within
"tk_chooseColor -title "Press Ok $verylongstring" -initialcolor #404040  -parent ."
    ("uplevel" body line 3)
    invoked from within
"uplevel 1 $script"
---- errorCode: TCL EVENT NO_SOURCES
==== clrpick-2.1 FAILED

bgerror failed to handle background error.
    Original error: can't read "data(red,index)": no such element in array
    Error in bgerror: can't wait for variable(s)/channel(s): would wait forever


==== clrpick-2.2 tk_chooseColor command FAILED
==== Contents of test case:

    set colors "128 128 64"
    ToChooseColorByKey . 128 128 64
    tk_chooseColor -parent . -title "choose #808040"

---- Test generated error; Return code was: 1
---- Return code should have been one of: 0 2
---- errorInfo: can't wait for variable(s)/channel(s): would wait forever
    while executing
"vwait ::tk::Priv(selectColor)"
    (procedure "::tk::dialog::color::" line 79)
    invoked from within
"::tk::dialog::color:: {*}$args"
    (procedure "tk_chooseColor" line 2)
    invoked from within
"tk_chooseColor -parent . -title "choose #808040""
    ("uplevel" body line 4)
    invoked from within
"uplevel 1 $script"
---- errorCode: TCL EVENT NO_SOURCES
==== clrpick-2.2 FAILED



==== clrpick-2.3 tk_chooseColor command FAILED
==== Contents of test case:

    ToPressButton . ok
    tk_chooseColor -parent . -title "Press OK"

---- Test generated error; Return code was: 1
---- Return code should have been one of: 0 2
---- errorInfo: can't wait for variable(s)/channel(s): would wait forever
    while executing
"vwait ::tk::Priv(selectColor)"
    (procedure "::tk::dialog::color::" line 79)
    invoked from within
"::tk::dialog::color:: {*}$args"
    (procedure "tk_chooseColor" line 2)
    invoked from within
"tk_chooseColor -parent . -title "Press OK""
    ("uplevel" body line 3)
    invoked from within
"uplevel 1 $script"
---- errorCode: TCL EVENT NO_SOURCES
==== clrpick-2.3 FAILED



==== clrpick-2.4 tk_chooseColor command FAILED
==== Contents of test case:

    ToPressButton . cancel
    tk_chooseColor -parent . -title "Press Cancel"

---- Test generated error; Return code was: 1
---- Return code should have been one of: 0 2
---- errorInfo: can't wait for variable(s)/channel(s): would wait forever
    while executing
"vwait ::tk::Priv(selectColor)"
    (procedure "::tk::dialog::color::" line 79)
    invoked from within
"::tk::dialog::color:: {*}$args"
    (procedure "tk_chooseColor" line 2)
    invoked from within
"tk_chooseColor -parent . -title "Press Cancel""
    ("uplevel" body line 3)
    invoked from within
"uplevel 1 $script"
---- errorCode: TCL EVENT NO_SOURCES
==== clrpick-2.4 FAILED



==== clrpick-3.1 tk_chooseColor: background events FAILED
==== Contents of test case:

    after 1 {set x 53}
    ToPressButton . ok
    tk_chooseColor -parent . -title "Press OK" -initialcolor #000000

---- Test generated error; Return code was: 1
---- Return code should have been one of: 0 2
---- errorInfo: can't wait for variable(s)/channel(s): would wait forever
    while executing
"vwait ::tk::Priv(selectColor)"
    (procedure "::tk::dialog::color::" line 79)
    invoked from within
"::tk::dialog::color:: {*}$args"
    (procedure "tk_chooseColor" line 2)
    invoked from within
"tk_chooseColor -parent . -title "Press OK" -initialcolor #000000"
    ("uplevel" body line 4)
    invoked from within
"uplevel 1 $script"
---- errorCode: TCL EVENT NO_SOURCES
==== clrpick-3.1 FAILED



==== clrpick-3.2 tk_chooseColor: background events FAILED
==== Contents of test case:

    after 1 {set x 53}
    ToPressButton . cancel
    tk_chooseColor -parent . -title "Press Cancel"

---- Test generated error; Return code was: 1
---- Return code should have been one of: 0 2
---- errorInfo: can't wait for variable(s)/channel(s): would wait forever
    while executing
"vwait ::tk::Priv(selectColor)"
    (procedure "::tk::dialog::color::" line 79)
    invoked from within
"::tk::dialog::color:: {*}$args"
    (procedure "tk_chooseColor" line 2)
    invoked from within
"tk_chooseColor -parent . -title "Press Cancel""
    ("uplevel" body line 4)
    invoked from within
"uplevel 1 $script"
---- errorCode: TCL EVENT NO_SOURCES
==== clrpick-3.2 FAILED



==== clrpick-4.1 tk_chooseColor: screen is inherited from parent FAILED
==== Contents of test case:

    after 50 {set ::scr [winfo screen .__tk__color]}
    ToPressButton . cancel
    tk_chooseColor -parent .
    set ::scr

---- Test generated error; Return code was: 1
---- Return code should have been one of: 0 2
---- errorInfo: can't wait for variable(s)/channel(s): would wait forever
    while executing
"vwait ::tk::Priv(selectColor)"
    (procedure "::tk::dialog::color::" line 79)
    invoked from within
"::tk::dialog::color:: {*}$args"
    (procedure "tk_chooseColor" line 2)
    invoked from within
"tk_chooseColor -parent ."
    ("uplevel" body line 4)
    invoked from within
"uplevel 1 $script"
---- errorCode: TCL EVENT NO_SOURCES
==== clrpick-4.1 FAILED

cluster.test
cmds.test
