vts: /bin/bash forked pid=7242 on /mnt/1/tty
vts: tty write 54 [vts: child: fd0=/dev/cons fd1=/dev/cons fd2=/dev/cons<0a>]
vts: tty write 50 [close of a descriptor with no listener fd=3 pid=0<0a>]
vts: tty write 23 [read: enter fd=3 n=139<0a>]
vts: tty write 31 [read:  fdinfo flags=2 oflags=0<0a>]
vts: tty write 32 [read:  -> direct n=139 errno=20<0a>]
vts: tty write 23 [read: enter fd=5 n=127<0a>]
vts: tty write 31 [read:  fdinfo flags=2 oflags=0<0a>]
vts: tty write 30 [read:  -> direct n=7 errno=12<0a>]
vts: tty write 50 [close of a descriptor with no listener fd=5 pid=0<0a>]
vts: tty write 22 [read: enter fd=5 n=31<0a>]
vts: tty write 31 [read:  fdinfo flags=2 oflags=0<0a>]
vts: tty write 30 [read:  -> direct n=12 errno=0<0a>]
vts: tty write 50 [close of a descriptor with no listener fd=5 pid=0<0a>]
vts: tty write 22 [read: enter fd=5 n=31<0a>]
vts: tty write 31 [read:  fdinfo flags=2 oflags=0<0a>]
vts: tty write 30 [read:  -> direct n=12 errno=0<0a>]
vts: tty write 50 [close of a descriptor with no listener fd=5 pid=0<0a>]
vts: tty write 22 [read: enter fd=5 n=31<0a>]
vts: tty write 31 [read:  fdinfo flags=2 oflags=0<0a>]
vts: tty write 30 [read:  -> direct n=12 errno=0<0a>]
vts: tty write 50 [close of a descriptor with no listener fd=5 pid=0<0a>]
vts: tty write 24 [read: enter fd=5 n=2048<0a>]
vts: tty write 31 [read:  fdinfo flags=2 oflags=0<0a>]
vts: tty write 32 [read:  -> direct n=2048 errno=0<0a>]
vts: tty write 50 [close of a descriptor with no listener fd=5 pid=0<0a>]
vts: tty write 24 [read: enter fd=5 n=4220<0a>]
vts: tty write 31 [read:  fdinfo flags=2 oflags=0<0a>]
vts: tty write 32 [read:  -> direct n=4220 errno=0<0a>]
vts: tty write 50 [close of a descriptor with no listener fd=5 pid=0<0a>]
vts: tty write 24 [read: enter fd=5 n=4220<0a>]
vts: tty write 31 [read:  fdinfo flags=2 oflags=0<0a>]
vts: tty write 32 [read:  -> direct n=4220 errno=0<0a>]
vts: tty write 50 [close of a descriptor with no listener fd=5 pid=0<0a>]
vts: tty write 24 [read: enter fd=5 n=2048<0a>]
vts: tty write 31 [read:  fdinfo flags=2 oflags=0<0a>]
vts: tty write 32 [read:  -> direct n=2048 errno=0<0a>]
vts: tty write 50 [close of a descriptor with no listener fd=5 pid=0<0a>]
vts: ttyctl write 5 [rawon]
vts: tty write 8 [<1b>[?2004h]
vts: tty write 2 [$ ]
vts: tty write 9 [<1b>[?2004l<0d>]
vts: tty write 1 [<0a>]
vts: ttyctl write 6 [rawoff]
vts: tty write 50 [close of a descriptor with no listener fd=5 pid=0<0a>]
vts: tty write 4 [exit]
vts: tty write 1 [<0a>]
vts: shell 7242 exited: ok
