This file contains any messages produced by compilers while
running configure, to aid debugging if configure makes a mistake.

It was created by GNU diffutils configure 3.12, which was
generated by GNU Autoconf 2.72.76-2f64.  Invocation command line was

  $ ./configure --enable-static --disable-shared --disable-nls --prefix=/ --bindir=/bin --sbindir=/bin --libexecdir=/bin --sysconfdir=/sys/lib --sharedstatedir=/srv --localstatedir=/srv --runstatedir=/srv --libdir=/amd64/lib/ape --includedir=/sys/include/ape --oldincludedir=/amd64/include/ape --datarootdir=/sys/lib/ape --datadir=/sys/lib/ape --infodir=/sys/lib/info --localedir=/sys/lib/ape/locale --mandir=/sys/man --docdir=/sys/doc --htmldir=/sys/doc --dvidir=/sys/doc --pdfdir=/sys/doc --psdir=/sys/doc

## --------- ##
## Platform. ##
## --------- ##

hostname = krypton
uname -m = amd64
uname -r = 4
uname -s = Plan9
uname -v = 0

/usr/bin/uname -p = unknown
/bin/uname -X     = unknown

/bin/arch              = unknown
/usr/bin/arch -k       = unknown
/usr/convex/getsysinfo = unknown
/usr/bin/hostinfo      = unknown
/bin/machine           = unknown
/usr/bin/oslevel       = unknown
/bin/universe          = unknown

PATH: /bin/
PATH: ./


## ----------- ##
## Core tests. ##
## ----------- ##

configure:5286: looking for aux files: config.rpath config.guess config.sub compile missing install-sh
configure:5299:  trying ./build-aux/
configure:5328:   ./build-aux/config.rpath found
configure:5328:   ./build-aux/config.guess found
configure:5328:   ./build-aux/config.sub found
configure:5328:   ./build-aux/compile found
configure:5328:   ./build-aux/missing found
configure:5310:   ./build-aux/install-sh found
configure:5486: checking for a BSD-compatible install
configure:5560: result: /bin/install -c
configure:5571: checking whether sleep supports fractional seconds
configure:5587: result: no
configure:5590: checking filesystem timestamp resolution

## ---------------- ##
## Cache variables. ##
## ---------------- ##n
ac_cv_env_CC_set=
ac_cv_env_CC_value=
ac_cv_env_CFLAGS_set=
ac_cv_env_CFLAGS_value=
ac_cv_env_CPPFLAGS_set=
ac_cv_env_CPPFLAGS_value=
ac_cv_env_CPP_set=
ac_cv_env_CPP_value=
ac_cv_env_LDFLAGS_set=
ac_cv_env_LDFLAGS_value=
ac_cv_env_LIBS_set=
ac_cv_env_LIBS_value=
ac_cv_env_build_alias_set=
ac_cv_env_build_alias_value=
ac_cv_env_host_alias_set=
ac_cv_env_host_alias_value=
ac_cv_env_target_alias_set=
ac_cv_env_target_alias_value=
ac_cv_path_install='/bin/install -c'
am_cv_filesystem_timestamp_resolution=2
am_cv_sleep_fractional_seconds=no

## ----------------- ##
## Output variables. ##
## ----------------- ##n
